
saraut@LIN51006593 MINGW64 ~
$ mkdir Assignments

saraut@LIN51006593 MINGW64 ~
$ cd Assignments

saraut@LIN51006593 MINGW64 ~/Assignments
$ git commit -m "assignment created"
fatal: not a git repository (or any of the parent directories): .git

saraut@LIN51006593 MINGW64 ~/Assignments
$ git init
Initialized empty Git repository in C:/Users/saraut/Assignments/.git/

saraut@LIN51006593 MINGW64 ~/Assignments (master)
$ git commit -m "assignment created"
On branch master

Initial commit

Untracked files:
  (use "git add <file>..." to include in what will be committed)
        README.txt

nothing added to commit but untracked files present (use "git add" to track)

saraut@LIN51006593 MINGW64 ~/Assignments (master)
$ git checkout -b html-assignments
Switched to a new branch 'html-assignments'

saraut@LIN51006593 MINGW64 ~/Assignments (html-assignments)
$ cd html-assignments
bash: cd: html-assignments: No such file or directory

saraut@LIN51006593 MINGW64 ~/Assignments (html-assignments)
$ git status
On branch html-assignments

No commits yet

Untracked files:
  (use "git add <file>..." to include in what will be committed)
        README.txt
        assignment1.html
        assignment2.html

nothing added to commit but untracked files present (use "git add" to track)

saraut@LIN51006593 MINGW64 ~/Assignments (html-assignments)
$ git commit -m "assignments copied"
On branch html-assignments

Initial commit

Untracked files:
  (use "git add <file>..." to include in what will be committed)
        README.txt
        assignment1.html
        assignment2.html

nothing added to commit but untracked files present (use "git add" to track)

saraut@LIN51006593 MINGW64 ~/Assignments (html-assignments)
$ git log
fatal: your current branch 'html-assignments' does not have any commits yet

saraut@LIN51006593 MINGW64 ~/Assignments (html-assignments)
$ git init
Reinitialized existing Git repository in C:/Users/saraut/Assignments/.git/

saraut@LIN51006593 MINGW64 ~/Assignments (html-assignments)
$ git commit -m "assignments copied"
On branch html-assignments

Initial commit

Untracked files:
  (use "git add <file>..." to include in what will be committed)
        README.txt
        assignment1.html
        assignment2.html

nothing added to commit but untracked files present (use "git add" to track)

saraut@LIN51006593 MINGW64 ~/Assignments (html-assignments)
$ git log
fatal: your current branch 'html-assignments' does not have any commits yet

saraut@LIN51006593 MINGW64 ~/Assignments (html-assignments)
$ git add html-assignments
fatal: pathspec 'html-assignments' did not match any files

saraut@LIN51006593 MINGW64 ~/Assignments (html-assignments)
$ git add assignment1
fatal: pathspec 'assignment1' did not match any files

saraut@LIN51006593 MINGW64 ~/Assignments (html-assignments)
$ git add assignment1.html

saraut@LIN51006593 MINGW64 ~/Assignments (html-assignments)
$ git status
On branch html-assignments

No commits yet

Changes to be committed:
  (use "git rm --cached <file>..." to unstage)
        new file:   assignment1.html

Untracked files:
  (use "git add <file>..." to include in what will be committed)
        README.txt
        assignment2.html


saraut@LIN51006593 MINGW64 ~/Assignments (html-assignments)
$ git add assignment2.html

saraut@LIN51006593 MINGW64 ~/Assignments (html-assignments)
$ git commit -m "assignments copied"
[html-assignments (root-commit) 364c06a] assignments copied
 2 files changed, 16 insertions(+)
 create mode 100644 assignment1.html
 create mode 100644 assignment2.html

saraut@LIN51006593 MINGW64 ~/Assignments (html-assignments)
$ git log
commit 364c06a47fdeb704f455373c71860c318ff92ed8 (HEAD -> html-assignments)
Author: SAURABH RAUt <saurabhssr23@gmail.com>
Date:   Thu Jun 9 11:06:09 2022 +0530

    assignments copied

saraut@LIN51006593 MINGW64 ~/Assignments (html-assignments)
$ git status
On branch html-assignments
Changes not staged for commit:
  (use "git add <file>..." to update what will be committed)
  (use "git restore <file>..." to discard changes in working directory)
        modified:   assignment1.html
        modified:   assignment2.html

Untracked files:
  (use "git add <file>..." to include in what will be committed)
        README.txt

no changes added to commit (use "git add" and/or "git commit -a")

saraut@LIN51006593 MINGW64 ~/Assignments (html-assignments)
$ git commit -m "assignments modified"
On branch html-assignments
Changes not staged for commit:
  (use "git add <file>..." to update what will be committed)
  (use "git restore <file>..." to discard changes in working directory)
        modified:   assignment1.html
        modified:   assignment2.html

Untracked files:
  (use "git add <file>..." to include in what will be committed)
        README.txt

no changes added to commit (use "git add" and/or "git commit -a")

saraut@LIN51006593 MINGW64 ~/Assignments (html-assignments)
$ git log
commit 364c06a47fdeb704f455373c71860c318ff92ed8 (HEAD -> html-assignments)
Author: SAURABH RAUt <saurabhssr23@gmail.com>
Date:   Thu Jun 9 11:06:09 2022 +0530

    assignments copied

saraut@LIN51006593 MINGW64 ~/Assignments (html-assignments)
$ git add assignment1.html

saraut@LIN51006593 MINGW64 ~/Assignments (html-assignments)
$ git add assignment2.html

saraut@LIN51006593 MINGW64 ~/Assignments (html-assignments)
$ git status
On branch html-assignments
Changes to be committed:
  (use "git restore --staged <file>..." to unstage)
        modified:   assignment1.html
        modified:   assignment2.html

Untracked files:
  (use "git add <file>..." to include in what will be committed)
        README.txt


saraut@LIN51006593 MINGW64 ~/Assignments (html-assignments)
$ git commit -m "assignments modified"
[html-assignments 431c987] assignments modified
 2 files changed, 3 insertions(+), 2 deletions(-)

saraut@LIN51006593 MINGW64 ~/Assignments (html-assignments)
$ git log
commit 431c98760778628fe6e91464241957d14cea13b6 (HEAD -> html-assignments)
Author: SAURABH RAUt <saurabhssr23@gmail.com>
Date:   Thu Jun 9 11:10:02 2022 +0530

    assignments modified

commit 364c06a47fdeb704f455373c71860c318ff92ed8
Author: SAURABH RAUt <saurabhssr23@gmail.com>
Date:   Thu Jun 9 11:06:09 2022 +0530

    assignments copied

saraut@LIN51006593 MINGW64 ~/Assignments (html-assignments)
$ cd Assignments
bash: cd: Assignments: No such file or directory

saraut@LIN51006593 MINGW64 ~/Assignments (html-assignments)
$ cd Master
bash: cd: Master: No such file or directory

saraut@LIN51006593 MINGW64 ~/Assignments (html-assignments)
$ git checkout Assignments
error: pathspec 'Assignments' did not match any file(s) known to git

saraut@LIN51006593 MINGW64 ~/Assignments (html-assignments)
$ git branch
* html-assignments

saraut@LIN51006593 MINGW64 ~/Assignments (html-assignments)
$ git switch assignments
fatal: invalid reference: assignments

saraut@LIN51006593 MINGW64 ~/Assignments (html-assignments)
$ git switch master
fatal: invalid reference: master

saraut@LIN51006593 MINGW64 ~/Assignments (html-assignments)
$ git checkout -B master
Switched to a new branch 'master'

saraut@LIN51006593 MINGW64 ~/Assignments (master)
$ git status
On branch master
Untracked files:
  (use "git add <file>..." to include in what will be committed)
        README.txt

nothing added to commit but untracked files present (use "git add" to track)

saraut@LIN51006593 MINGW64 ~/Assignments (master)
$ git add README.txt

saraut@LIN51006593 MINGW64 ~/Assignments (master)
$ git status

On branch master
Changes to be committed:
  (use "git restore --staged <file>..." to unstage)
        new file:   README.txt


saraut@LIN51006593 MINGW64 ~/Assignments (master)
$

saraut@LIN51006593 MINGW64 ~/Assignments (master)
$ git status
On branch master
Changes to be committed:
  (use "git restore --staged <file>..." to unstage)
        new file:   README.txt

Changes not staged for commit:
  (use "git add <file>..." to update what will be committed)
  (use "git restore <file>..." to discard changes in working directory)
        modified:   README.txt


saraut@LIN51006593 MINGW64 ~/Assignments (master)
$ git commit -m "made changes to readme"
[master 430bd0b] made changes to readme
 1 file changed, 3 insertions(+)
 create mode 100644 README.txt

saraut@LIN51006593 MINGW64 ~/Assignments (master)
$ git status
On branch master
Changes not staged for commit:
  (use "git add <file>..." to update what will be committed)
  (use "git restore <file>..." to discard changes in working directory)
        modified:   README.txt

no changes added to commit (use "git add" and/or "git commit -a")

saraut@LIN51006593 MINGW64 ~/Assignments (master)
$ git add readme.txt

saraut@LIN51006593 MINGW64 ~/Assignments (master)
$ git status
On branch master
Changes not staged for commit:
  (use "git add <file>..." to update what will be committed)
  (use "git restore <file>..." to discard changes in working directory)
        modified:   README.txt

no changes added to commit (use "git add" and/or "git commit -a")

saraut@LIN51006593 MINGW64 ~/Assignments (master)
$ git log
commit 430bd0bf0be31df788c72a2f197214c28a3c2545 (HEAD -> master)
Author: SAURABH RAUt <saurabhssr23@gmail.com>
Date:   Thu Jun 9 11:24:02 2022 +0530

    made changes to readme

commit 431c98760778628fe6e91464241957d14cea13b6 (html-assignments)
Author: SAURABH RAUt <saurabhssr23@gmail.com>
Date:   Thu Jun 9 11:10:02 2022 +0530

    assignments modified

commit 364c06a47fdeb704f455373c71860c318ff92ed8
Author: SAURABH RAUt <saurabhssr23@gmail.com>
Date:   Thu Jun 9 11:06:09 2022 +0530

    assignments copied

saraut@LIN51006593 MINGW64 ~/Assignments (master)
$ git checkout
M       README.txt

saraut@LIN51006593 MINGW64 ~/Assignments (master)
$ git checkout html-assignments
error: Your local changes to the following files would be overwritten by checkout:
        README.txt
Please commit your changes or stash them before you switch branches.
Aborting

saraut@LIN51006593 MINGW64 ~/Assignments (master)
$ git commit -m "made changes to readme file"
On branch master
Changes not staged for commit:
  (use "git add <file>..." to update what will be committed)
  (use "git restore <file>..." to discard changes in working directory)
        modified:   README.txt

no changes added to commit (use "git add" and/or "git commit -a")

saraut@LIN51006593 MINGW64 ~/Assignments (master)
$ git add README.txt

saraut@LIN51006593 MINGW64 ~/Assignments (master)
$ git status
On branch master
Changes to be committed:
  (use "git restore --staged <file>..." to unstage)
        modified:   README.txt


saraut@LIN51006593 MINGW64 ~/Assignments (master)
$ git commit -m "made changes to readme file"
[master ddf6c6c] made changes to readme file
 1 file changed, 2 insertions(+)

saraut@LIN51006593 MINGW64 ~/Assignments (master)
$ git checkout html-assignments
Switched to branch 'html-assignments'

saraut@LIN51006593 MINGW64 ~/Assignments (html-assignments)
$ git status
On branch html-assignments
Changes not staged for commit:
  (use "git add <file>..." to update what will be committed)
  (use "git restore <file>..." to discard changes in working directory)
        modified:   assignment1.html
        modified:   assignment2.html

no changes added to commit (use "git add" and/or "git commit -a")

saraut@LIN51006593 MINGW64 ~/Assignments (html-assignments)
$ git add assignment1.html

saraut@LIN51006593 MINGW64 ~/Assignments (html-assignments)
$ git add assignment2.html

saraut@LIN51006593 MINGW64 ~/Assignments (html-assignments)
$ git commit -m "made changes to both assignments"
[html-assignments 53764cc] made changes to both assignments
 2 files changed, 1 insertion(+), 2 deletions(-)

saraut@LIN51006593 MINGW64 ~/Assignments (html-assignments)
$ git checkout -B master

Switched to and reset branch 'master'

saraut@LIN51006593 MINGW64 ~/Assignments (master)
$

saraut@LIN51006593 MINGW64 ~/Assignments (master)
$ git status
On branch master
nothing to commit, working tree clean

saraut@LIN51006593 MINGW64 ~/Assignments (master)
$ git log
commit 53764cc02c3588721fc00b16cf6aa8bfc404eb27 (HEAD -> master, html-assignments)
Author: SAURABH RAUt <saurabhssr23@gmail.com>
Date:   Thu Jun 9 11:28:40 2022 +0530

    made changes to both assignments

commit 431c98760778628fe6e91464241957d14cea13b6
Author: SAURABH RAUt <saurabhssr23@gmail.com>
Date:   Thu Jun 9 11:10:02 2022 +0530

    assignments modified

commit 364c06a47fdeb704f455373c71860c318ff92ed8
Author: SAURABH RAUt <saurabhssr23@gmail.com>
Date:   Thu Jun 9 11:06:09 2022 +0530

    assignments copied

saraut@LIN51006593 MINGW64 ~/Assignments (master)
$ git status
On branch master
nothing to commit, working tree clean

saraut@LIN51006593 MINGW64 ~/Assignments (master)
$ git checkout master
Already on 'master'

saraut@LIN51006593 MINGW64 ~/Assignments (master)
$ git status
On branch master
Untracked files:
  (use "git add <file>..." to include in what will be committed)
        README.txt

nothing added to commit but untracked files present (use "git add" to track)

saraut@LIN51006593 MINGW64 ~/Assignments (master)
$ git add README.txt

saraut@LIN51006593 MINGW64 ~/Assignments (master)
$ git status
On branch master
Changes to be committed:
  (use "git restore --staged <file>..." to unstage)
        new file:   README.txt


saraut@LIN51006593 MINGW64 ~/Assignments (master)
$ git checkout
A       README.txt

saraut@LIN51006593 MINGW64 ~/Assignments (master)
$ git checkout master
Already on 'master'
A       README.txt

saraut@LIN51006593 MINGW64 ~/Assignments (master)
$ git merge html-assignments
Already up to date.

saraut@LIN51006593 MINGW64 ~/Assignments (master)
$ git merge assignment1.html
merge: assignment1.html - not something we can merge

saraut@LIN51006593 MINGW64 ~/Assignments (master)
$ git log
commit 53764cc02c3588721fc00b16cf6aa8bfc404eb27 (HEAD -> master, html-assignments)
Author: SAURABH RAUt <saurabhssr23@gmail.com>
Date:   Thu Jun 9 11:28:40 2022 +0530

    made changes to both assignments

commit 431c98760778628fe6e91464241957d14cea13b6
Author: SAURABH RAUt <saurabhssr23@gmail.com>
Date:   Thu Jun 9 11:10:02 2022 +0530

    assignments modified

commit 364c06a47fdeb704f455373c71860c318ff92ed8
Author: SAURABH RAUt <saurabhssr23@gmail.com>
Date:   Thu Jun 9 11:06:09 2022 +0530

    assignments copied

saraut@LIN51006593 MINGW64 ~/Assignments (master)
$ git branch -d html-assignments
Deleted branch html-assignments (was 53764cc).

saraut@LIN51006593 MINGW64 ~/Assignments (master)
$ git status
On branch master
Changes to be committed:
  (use "git restore --staged <file>..." to unstage)
        new file:   README.txt


saraut@LIN51006593 MINGW64 ~/Assignments (master)
$ git log
commit 53764cc02c3588721fc00b16cf6aa8bfc404eb27 (HEAD -> master)
Author: SAURABH RAUt <saurabhssr23@gmail.com>
Date:   Thu Jun 9 11:28:40 2022 +0530

    made changes to both assignments

commit 431c98760778628fe6e91464241957d14cea13b6
Author: SAURABH RAUt <saurabhssr23@gmail.com>
Date:   Thu Jun 9 11:10:02 2022 +0530

    assignments modified

commit 364c06a47fdeb704f455373c71860c318ff92ed8
Author: SAURABH RAUt <saurabhssr23@gmail.com>
Date:   Thu Jun 9 11:06:09 2022 +0530

    assignments copied

saraut@LIN51006593 MINGW64 ~/Assignments (master)
$ git checkout cdd-assignments
error: pathspec 'cdd-assignments' did not match any file(s) known to git

saraut@LIN51006593 MINGW64 ~/Assignments (master)
$ git checkout -b css-assignments
Switched to a new branch 'css-assignments'

saraut@LIN51006593 MINGW64 ~/Assignments (css-assignments)
$ git add css1.css

saraut@LIN51006593 MINGW64 ~/Assignments (css-assignments)
$ git add css2.css

saraut@LIN51006593 MINGW64 ~/Assignments (css-assignments)
$ git status
On branch css-assignments
Changes to be committed:
  (use "git restore --staged <file>..." to unstage)
        new file:   README.txt
        new file:   css1.css
        new file:   css2.css


saraut@LIN51006593 MINGW64 ~/Assignments (css-assignments)
$ git commit -m "css files copied"
[css-assignments 6923371] css files copied
 3 files changed, 9 insertions(+)
 create mode 100644 README.txt
 create mode 100644 css1.css
 create mode 100644 css2.css

saraut@LIN51006593 MINGW64 ~/Assignments (css-assignments)
$ git status
On branch css-assignments
Changes not staged for commit:
  (use "git add <file>..." to update what will be committed)
  (use "git restore <file>..." to discard changes in working directory)
        modified:   README.txt

no changes added to commit (use "git add" and/or "git commit -a")

saraut@LIN51006593 MINGW64 ~/Assignments (css-assignments)
saraut@LIN51006593 MINGW64 ~/Assignments (css-assignments)
$ git add README.txt

saraut@LIN51006593 MINGW64 ~/Assignments (css-assignments)
$ git status
On branch css-assignments
Changes to be committed:
  (use "git restore --staged <file>..." to unstage)
        modified:   README.txt


saraut@LIN51006593 MINGW64 ~/Assignments (css-assignments)
$ git commit -m "made changes on first line of readme file"
[css-assignments 2de0ef6] made changes on first line of readme file
 1 file changed, 1 insertion(+), 1 deletion(-)

saraut@LIN51006593 MINGW64 ~/Assignments (css-assignments)
$ git checkout master
Switched to branch 'master'

saraut@LIN51006593 MINGW64 ~/Assignments (master)
$ git status
On branch master
Untracked files:
  (use "git add <file>..." to include in what will be committed)
        README.txt

nothing added to commit but untracked files present (use "git add" to track)

saraut@LIN51006593 MINGW64 ~/Assignments (master)
$ git add README.txt

saraut@LIN51006593 MINGW64 ~/Assignments (master)
$ git commit -m "made changes on third line of readme file"
[master 03b31ba] made changes on third line of readme file
 1 file changed, 3 insertions(+)
 create mode 100644 README.txt

saraut@LIN51006593 MINGW64 ~/Assignments (master)
$ git checkout css-assignments
Switched to branch 'css-assignments'

saraut@LIN51006593 MINGW64 ~/Assignments (css-assignments)
$ git status
On branch css-assignments
Changes not staged for commit:
  (use "git add <file>..." to update what will be committed)
  (use "git restore <file>..." to discard changes in working directory)
        modified:   css1.css
        modified:   css2.css

no changes added to commit (use "git add" and/or "git commit -a")

saraut@LIN51006593 MINGW64 ~/Assignments (css-assignments)
$ git add css1.css

saraut@LIN51006593 MINGW64 ~/Assignments (css-assignments)
$ git add css2.css

saraut@LIN51006593 MINGW64 ~/Assignments (css-assignments)
$ git commit -m "made changes in css files"
[css-assignments 121ee9e] made changes in css files
 2 files changed, 2 insertions(+), 2 deletions(-)

saraut@LIN51006593 MINGW64 ~/Assignments (css-assignments)
$ git checkout master
Switched to branch 'master'

saraut@LIN51006593 MINGW64 ~/Assignments (master)
$ git branch -d css-assignments
error: The branch 'css-assignments' is not fully merged.
If you are sure you want to delete it, run 'git branch -D css-assignments'.

saraut@LIN51006593 MINGW64 ~/Assignments (master)
$ git merge css-assignments
Auto-merging README.txt
CONFLICT (add/add): Merge conflict in README.txt
Automatic merge failed; fix conflicts and then commit the result.

saraut@LIN51006593 MINGW64 ~/Assignments (master|MERGING)
$ git branch -d css-assignments
error: The branch 'css-assignments' is not fully merged.
If you are sure you want to delete it, run 'git branch -D css-assignments'.

saraut@LIN51006593 MINGW64 ~/Assignments (master|MERGING)
$ git checkout master
error: you need to resolve your current index first
README.txt: needs merge

saraut@LIN51006593 MINGW64 ~/Assignments (master|MERGING)
$ git add README.txt

saraut@LIN51006593 MINGW64 ~/Assignments (master|MERGING)
$ git merge css-assignments
fatal: You have not concluded your merge (MERGE_HEAD exists).
Please, commit your changes before you merge.

saraut@LIN51006593 MINGW64 ~/Assignments (master|MERGING)
$ git merge css1.css
fatal: You have not concluded your merge (MERGE_HEAD exists).
Please, commit your changes before you merge.

saraut@LIN51006593 MINGW64 ~/Assignments (master|MERGING)
$ git commit -m "made changes in css files"
[master 31dd231] made changes in css files

saraut@LIN51006593 MINGW64 ~/Assignments (master)
$ git merge css-assignments
Already up to date.

saraut@LIN51006593 MINGW64 ~/Assignments (master)
$ git branch -d css-assignments
Deleted branch css-assignments (was 121ee9e).

saraut@LIN51006593 MINGW64 ~/Assignments (master)
$ git checkout -b js-assignments
Switched to a new branch 'js-assignments'

saraut@LIN51006593 MINGW64 ~/Assignments (js-assignments)
$ git add js1.js

saraut@LIN51006593 MINGW64 ~/Assignments (js-assignments)
$ git add js2.js

saraut@LIN51006593 MINGW64 ~/Assignments (js-assignments)
$ git status
On branch js-assignments
Changes to be committed:
  (use "git restore --staged <file>..." to unstage)
        new file:   js1.js
        new file:   js2.js


saraut@LIN51006593 MINGW64 ~/Assignments (js-assignments)
$ git commit -m "copied two js files"
[js-assignments e5d26b3] copied two js files
 2 files changed, 0 insertions(+), 0 deletions(-)
 create mode 100644 js1.js
 create mode 100644 js2.js

saraut@LIN51006593 MINGW64 ~/Assignments (js-assignments)
$ git status
On branch js-assignments
Changes not staged for commit:
  (use "git add <file>..." to update what will be committed)
  (use "git restore <file>..." to discard changes in working directory)
        modified:   README.txt

no changes added to commit (use "git add" and/or "git commit -a")

saraut@LIN51006593 MINGW64 ~/Assignments (js-assignments)
$ git add README.txt

saraut@LIN51006593 MINGW64 ~/Assignments (js-assignments)
$ git commit -m "made change on first line"
[js-assignments edb0403] made change on first line
 1 file changed, 1 insertion(+), 1 deletion(-)

saraut@LIN51006593 MINGW64 ~/Assignments (js-assignments)
$ git checkout master
Switched to branch 'master'

saraut@LIN51006593 MINGW64 ~/Assignments (master)
$ git commit -m "made change on first line again"
On branch master
Changes not staged for commit:
  (use "git add <file>..." to update what will be committed)
  (use "git restore <file>..." to discard changes in working directory)
        modified:   README.txt

no changes added to commit (use "git add" and/or "git commit -a")

saraut@LIN51006593 MINGW64 ~/Assignments (master)
$ git add README.txt

saraut@LIN51006593 MINGW64 ~/Assignments (master)
$ git commit -m "made change on first line again"
[master 9cad642] made change on first line again
 1 file changed, 1 insertion(+), 1 deletion(-)

saraut@LIN51006593 MINGW64 ~/Assignments (master)
$ git checkout js-assignments
Switched to branch 'js-assignments'

saraut@LIN51006593 MINGW64 ~/Assignments (js-assignments)
$ git status
On branch js-assignments
Changes not staged for commit:
  (use "git add <file>..." to update what will be committed)
  (use "git restore <file>..." to discard changes in working directory)
        modified:   js1.js
        modified:   js2.js

no changes added to commit (use "git add" and/or "git commit -a")

saraut@LIN51006593 MINGW64 ~/Assignments (js-assignments)
$ git add js1.js

saraut@LIN51006593 MINGW64 ~/Assignments (js-assignments)
$ git add js2.js

saraut@LIN51006593 MINGW64 ~/Assignments (js-assignments)
$ git status
On branch js-assignments
Changes to be committed:
  (use "git restore --staged <file>..." to unstage)
        modified:   js1.js
        modified:   js2.js


saraut@LIN51006593 MINGW64 ~/Assignments (js-assignments)
$ git commit -m "made change in js assignments"
[js-assignments 888ceee] made change in js assignments
 2 files changed, 2 insertions(+)

saraut@LIN51006593 MINGW64 ~/Assignments (js-assignments)
$ git checkout master
Switched to branch 'master'

saraut@LIN51006593 MINGW64 ~/Assignments (master)
$ git status
On branch master
nothing to commit, working tree clean

saraut@LIN51006593 MINGW64 ~/Assignments (master)
$ git merge js-assignments
Auto-merging README.txt
CONFLICT (content): Merge conflict in README.txt
Automatic merge failed; fix conflicts and then commit the result.

saraut@LIN51006593 MINGW64 ~/Assignments (master|MERGING)
$ git add README.txt

saraut@LIN51006593 MINGW64 ~/Assignments (master|MERGING)
$ git merge js-assignments
fatal: You have not concluded your merge (MERGE_HEAD exists).
Please, commit your changes before you merge.

saraut@LIN51006593 MINGW64 ~/Assignments (master|MERGING)
$ git commit -m "made change on first line again"
[master ff7b0ce] made change on first line again

saraut@LIN51006593 MINGW64 ~/Assignments (master)
$ git merge js-assignments
Already up to date.

saraut@LIN51006593 MINGW64 ~/Assignments (master)
$ git branch -d js-assignments
Deleted branch js-assignments (was 888ceee).
